// Jest Snapshot v1, https://goo.gl/fbAQLP

exports[`RssTranslateService read 1 1`] = `
Array [
  Object {
    "categories": Array [
      "Open Source",
      "Software",
      "Programmiersprache",
    ],
    "comments": "https://www.zdnet.de/88399477/aws-setzt-auf-rust/#respond",
    "content": "Amazon Web Services (AWS) rät Entwicklern dazu,  Infrastruktursoftware auf der Programmiersprache Rust aufzubauen vor allem wegen der hohen Energieeffizienz.",
    "contentSnippet": "Amazon Web Services (AWS) rät Entwicklern dazu,  Infrastruktursoftware auf der Programmiersprache Rust aufzubauen vor allem wegen der hohen Energieeffizienz.",
    "creator": "Dr. Jakob Jung",
    "dc:creator": "Dr. Jakob Jung",
    "guid": "https://www.zdnet.de/?p=88399477",
    "isoDate": "2022-02-22T09:06:42.000Z",
    "link": "https://www.zdnet.de/88399477/aws-setzt-auf-rust/?utm_source=rss&utm_medium=rss&utm_campaign=rss",
    "pubDate": "Tue, 22 Feb 2022 09:06:42 +0000",
    "title": "AWS setzt auf Rust",
  },
  Object {
    "categories": Array [
      "Big Data",
      "Data & Storage",
      "Outsourcing",
    ],
    "comments": "https://www.zdnet.de/88399473/data-layer-management-und-outsourcing/#respond",
    "content": "Große  Informationsmengen auf dem Data Layer erfordern zuverlässige Betriebsumgebungen. Outsourcing ist dafür eine elegante Lösung. ",
    "contentSnippet": "Große  Informationsmengen auf dem Data Layer erfordern zuverlässige Betriebsumgebungen. Outsourcing ist dafür eine elegante Lösung.",
    "creator": "Dr. Jakob Jung",
    "dc:creator": "Dr. Jakob Jung",
    "guid": "https://www.zdnet.de/?p=88399473",
    "isoDate": "2022-02-22T08:44:40.000Z",
    "link": "https://www.zdnet.de/88399473/data-layer-management-und-outsourcing/?utm_source=rss&utm_medium=rss&utm_campaign=rss",
    "pubDate": "Tue, 22 Feb 2022 08:44:40 +0000",
    "title": "Data Layer Management und Outsourcing",
  },
  Object {
    "categories": Array [
      "Betriebssystem",
      "Workspace",
      "Android",
      "Apps",
      "Windows 11",
    ],
    "comments": "https://www.zdnet.de/88399466/microsoft-android-apps-unter-windows-11-benoetigen-mindestens-8-gbyte-ram/#respond",
    "content": "In den Systemvoraussetzungen empfiehlt Microsoft sogar 16 GByte Arbeitsspeicher. Außerdem schließt Microsoft günstige Systeme beispielsweise mit Celeron-Prozessoren aus.",
    "contentSnippet": "In den Systemvoraussetzungen empfiehlt Microsoft sogar 16 GByte Arbeitsspeicher. Außerdem schließt Microsoft günstige Systeme beispielsweise mit Celeron-Prozessoren aus.",
    "creator": "Stefan Beiersmann",
    "dc:creator": "Stefan Beiersmann",
    "guid": "https://www.zdnet.de/?p=88399466",
    "isoDate": "2022-02-21T16:46:13.000Z",
    "link": "https://www.zdnet.de/88399466/microsoft-android-apps-unter-windows-11-benoetigen-mindestens-8-gbyte-ram/?utm_source=rss&utm_medium=rss&utm_campaign=rss",
    "pubDate": "Mon, 21 Feb 2022 16:46:13 +0000",
    "title": "Microsoft: Android-Apps unter Windows 11 benötigen mindestens 8 GByte RAM",
  },
  Object {
    "categories": Array [
      "Authentifizierung",
      "Sicherheit",
      "Passwort",
    ],
    "comments": "https://www.zdnet.de/88399463/fuenf-tipps-fuer-das-perfekte-passwort/#respond",
    "content": "Passwörter sind immer noch die am häufigsten eingesetzte Authentifizierungsmethode. Wie die Sicherheit der Passwörter verbessert werden kann, schildert Benjamin Richter, Geschäftsführer der digital compliant GmbH, in einem Gastbeitrag.",
    "contentSnippet": "Passwörter sind immer noch die am häufigsten eingesetzte Authentifizierungsmethode. Wie die Sicherheit der Passwörter verbessert werden kann, schildert Benjamin Richter, Geschäftsführer der digital compliant GmbH, in einem Gastbeitrag.",
    "creator": "Dr. Jakob Jung",
    "dc:creator": "Dr. Jakob Jung",
    "guid": "https://www.zdnet.de/?p=88399463",
    "isoDate": "2022-02-21T15:07:31.000Z",
    "link": "https://www.zdnet.de/88399463/fuenf-tipps-fuer-das-perfekte-passwort/?utm_source=rss&utm_medium=rss&utm_campaign=rss",
    "pubDate": "Mon, 21 Feb 2022 15:07:31 +0000",
    "title": "Fünf Tipps für das perfekte Passwort",
  },
  Object {
    "categories": Array [
      "Cyberkriminalität",
      "Sicherheit",
      "Hacker",
    ],
    "comments": "https://www.zdnet.de/88399461/cyberkrieg-bedeutet-kontrollverlust/#respond",
    "content": "Die Ukraine-Krise hat deutlich gemacht, dass Cyberkrieg schon längst Realität ist. Die derzeitige Situation und Möglichkeiten zur Deeskalation schildert Richard Werner, Business Consultant bei Trend Micro, in einem Gastbeitrag.",
    "contentSnippet": "Die Ukraine-Krise hat deutlich gemacht, dass Cyberkrieg schon längst Realität ist. Die derzeitige Situation und Möglichkeiten zur Deeskalation schildert Richard Werner, Business Consultant bei Trend Micro, in einem Gastbeitrag.",
    "creator": "Dr. Jakob Jung",
    "dc:creator": "Dr. Jakob Jung",
    "guid": "https://www.zdnet.de/?p=88399461",
    "isoDate": "2022-02-21T14:51:11.000Z",
    "link": "https://www.zdnet.de/88399461/cyberkrieg-bedeutet-kontrollverlust/?utm_source=rss&utm_medium=rss&utm_campaign=rss",
    "pubDate": "Mon, 21 Feb 2022 14:51:11 +0000",
    "title": "Cyberkrieg bedeutet Kontrollverlust",
  },
  Object {
    "categories": Array [
      "Anzeige",
      "Datensicherheit",
      "VPN",
    ],
    "comments": "https://www.zdnet.de/88399322/surfshark-vpn-2022-tests-reviews-und-kosten-inkl-einsteigertipps/#respond",
    "content": "VPN (Virtual Private Network) ist für Unternehmen die ideale Lösung in Sachen Internetverbindung, die besonderen Wert auf Datensicherheit legen. Aber auch immer mehr Privathaushalte möchten ihre Privatsphäre in besonderem Maße schützen und nutzen VPN. Was die Besonderheiten solcher Verbindungen, etwa dem Surfshark VPN sind, haben die neuesten Tests und Reviews 2022 gezeigt.",
    "contentSnippet": "VPN (Virtual Private Network) ist für Unternehmen die ideale Lösung in Sachen Internetverbindung, die besonderen Wert auf Datensicherheit legen. Aber auch immer mehr Privathaushalte möchten ihre Privatsphäre in besonderem Maße schützen und nutzen VPN. Was die Besonderheiten solcher Verbindungen, etwa dem Surfshark VPN sind, haben die neuesten Tests und Reviews 2022 gezeigt.",
    "creator": "Thomas Wingenfeld",
    "dc:creator": "Thomas Wingenfeld",
    "guid": "https://www.zdnet.de/?p=88399322",
    "isoDate": "2022-02-21T09:00:56.000Z",
    "link": "https://www.zdnet.de/88399322/surfshark-vpn-2022-tests-reviews-und-kosten-inkl-einsteigertipps/?utm_source=rss&utm_medium=rss&utm_campaign=rss",
    "pubDate": "Mon, 21 Feb 2022 09:00:56 +0000",
    "title": "Surfshark VPN 2022: Tests, Reviews und Kosten inkl. Einsteigertipps",
  },
  Object {
    "categories": Array [
      "Business Intelligence",
      "Data & Storage",
      "Digital Transformation",
    ],
    "comments": "https://www.zdnet.de/88399455/digitaler-retrofit-fuer-altysteme/#respond",
    "content": "Ein kompletter Neuanfang auf der grünen Wiese ist meist nur ein Traum. Meistens ist die Umrüstung und Einbindung verschiedener Legacy-Systeme in digitalisierte Workflows unumgänglich. Ein Retrofit ist hilfreich. ",
    "contentSnippet": "Ein kompletter Neuanfang auf der grünen Wiese ist meist nur ein Traum. Meistens ist die Umrüstung und Einbindung verschiedener Legacy-Systeme in digitalisierte Workflows unumgänglich. Ein Retrofit ist hilfreich.",
    "creator": "Dr. Jakob Jung",
    "dc:creator": "Dr. Jakob Jung",
    "guid": "https://www.zdnet.de/?p=88399455",
    "isoDate": "2022-02-21T08:11:17.000Z",
    "link": "https://www.zdnet.de/88399455/digitaler-retrofit-fuer-altysteme/?utm_source=rss&utm_medium=rss&utm_campaign=rss",
    "pubDate": "Mon, 21 Feb 2022 08:11:17 +0000",
    "title": "Digitaler Retrofit für Altysteme",
  },
  Object {
    "categories": Array [
      "Cyberkriminalität",
      "Sicherheit",
      "Blockchain",
      "Phishing",
    ],
    "comments": "https://www.zdnet.de/88399453/ice-phishing-bedroht-blockchain/#respond",
    "content": "Microsoft hat vor neuen Bedrohungen gewarnt, die sich auf Blockchain-Technologien und Web3 auswirken, darunter \\"Ice Phishing\\"-Kampagnen. Das Unternehmen sagt, dass die Einführung von Web3 auch einzigartige Formen von Phishing mit sich bringen kann.",
    "contentSnippet": "Microsoft hat vor neuen Bedrohungen gewarnt, die sich auf Blockchain-Technologien und Web3 auswirken, darunter \\"Ice Phishing\\"-Kampagnen. Das Unternehmen sagt, dass die Einführung von Web3 auch einzigartige Formen von Phishing mit sich bringen kann.",
    "creator": "Dr. Jakob Jung",
    "dc:creator": "Dr. Jakob Jung",
    "guid": "https://www.zdnet.de/?p=88399453",
    "isoDate": "2022-02-21T07:57:37.000Z",
    "link": "https://www.zdnet.de/88399453/ice-phishing-bedroht-blockchain/?utm_source=rss&utm_medium=rss&utm_campaign=rss",
    "pubDate": "Mon, 21 Feb 2022 07:57:37 +0000",
    "title": "„Ice-Phishing“ bedroht Blockchain",
  },
  Object {
    "categories": Array [
      "Cyberkriminalität",
      "Sicherheit",
      "E-Mail",
      "Phishing",
    ],
    "comments": "https://www.zdnet.de/88399437/phishing-betrug-per-linkedin-nimmt-seit-anfang-februar-um-232-prozent-zu/#respond",
    "content": "Cyberkriminelle ahmen vor allem von LinkedIn verschickte automatische Nachrichten nach. Sie sollen Nutzer dazu verleiten, auf gefälschten Anmeldeseiten ihre Zugangsdaten einzugeben.",
    "contentSnippet": "Cyberkriminelle ahmen vor allem von LinkedIn verschickte automatische Nachrichten nach. Sie sollen Nutzer dazu verleiten, auf gefälschten Anmeldeseiten ihre Zugangsdaten einzugeben.",
    "creator": "Stefan Beiersmann",
    "dc:creator": "Stefan Beiersmann",
    "guid": "https://www.zdnet.de/?p=88399437",
    "isoDate": "2022-02-17T14:29:19.000Z",
    "link": "https://www.zdnet.de/88399437/phishing-betrug-per-linkedin-nimmt-seit-anfang-februar-um-232-prozent-zu/?utm_source=rss&utm_medium=rss&utm_campaign=rss",
    "pubDate": "Thu, 17 Feb 2022 14:29:19 +0000",
    "title": "Phishing-Betrug per LinkedIn nimmt seit Anfang Februar um 232 Prozent zu",
  },
  Object {
    "categories": Array [
      "Sicherheit",
      "cybersicherheit",
    ],
    "comments": "https://www.zdnet.de/88399427/cybersicherheit-sollte-nach-meinung-vieler-verantwortlicher-erhoeht-werden/#respond",
    "content": "In den vergangenen Monaten wurden etliche Verwaltungen und Unternehmen Opfer digitaler Angriffe. Viele der Angriffe gingen so weit, dass einzelne Landkreise oder auch Firmen für Tage bis hin zu Wochen keine Chancen hatten, zu arbeiten. Eine Studie brachte jetzt heraus, dass knapp 75 Prozent der IT-affinen Personen eine erhöhte Sicherheit fordern. Aber wie lässt sich das umsetzen? ",
    "contentSnippet": "In den vergangenen Monaten wurden etliche Verwaltungen und Unternehmen Opfer digitaler Angriffe. Viele der Angriffe gingen so weit, dass einzelne Landkreise oder auch Firmen für Tage bis hin zu Wochen keine Chancen hatten, zu arbeiten. Eine Studie brachte jetzt heraus, dass knapp 75 Prozent der IT-affinen Personen eine erhöhte Sicherheit fordern. Aber wie lässt sich das umsetzen?",
    "creator": "Thomas Wingenfeld",
    "dc:creator": "Thomas Wingenfeld",
    "guid": "https://www.zdnet.de/?p=88399427",
    "isoDate": "2022-02-17T12:45:24.000Z",
    "link": "https://www.zdnet.de/88399427/cybersicherheit-sollte-nach-meinung-vieler-verantwortlicher-erhoeht-werden/?utm_source=rss&utm_medium=rss&utm_campaign=rss",
    "pubDate": "Thu, 17 Feb 2022 12:45:24 +0000",
    "title": "Cybersicherheit sollte nach Meinung vieler Verantwortlicher erhöht werden",
  },
  Object {
    "categories": Array [
      "Authentifizierung",
      "Sicherheit",
      "Passwort",
    ],
    "comments": "https://www.zdnet.de/88399424/passwortrichtlinie-gefragt/#respond",
    "content": "Es ist psychologisch leicht erklärbar, dass viele Mitarbeiter für verschiedene Konten dasselbe Passwort verwenden. Daraus entstehen leider erhebliche Risiken. Passwortrichtlinien die sich leicht umsetzen und überwachen lassen, können helfen. ",
    "contentSnippet": "Es ist psychologisch leicht erklärbar, dass viele Mitarbeiter für verschiedene Konten dasselbe Passwort verwenden. Daraus entstehen leider erhebliche Risiken. Passwortrichtlinien die sich leicht umsetzen und überwachen lassen, können helfen.",
    "creator": "Dr. Jakob Jung",
    "dc:creator": "Dr. Jakob Jung",
    "guid": "https://www.zdnet.de/?p=88399424",
    "isoDate": "2022-02-17T10:48:16.000Z",
    "link": "https://www.zdnet.de/88399424/passwortrichtlinie-gefragt/?utm_source=rss&utm_medium=rss&utm_campaign=rss",
    "pubDate": "Thu, 17 Feb 2022 10:48:16 +0000",
    "title": "Passwortrichtlinie gefragt",
  },
  Object {
    "categories": Array [
      "Cloud",
      "Cloud services",
    ],
    "comments": "https://www.zdnet.de/88399420/aws-erweitert-cloud-infrastruktur-in-deutschland/#respond",
    "content": "Zwei neue Amazon Web Services (AWS) Local Zones in München und Berlin sollen deutschen Kunden Latenzen im einstelligen Millisekundenbereich am Edge der Cloud ermöglichen. ",
    "contentSnippet": "Zwei neue Amazon Web Services (AWS) Local Zones in München und Berlin sollen deutschen Kunden Latenzen im einstelligen Millisekundenbereich am Edge der Cloud ermöglichen.",
    "creator": "Dr. Jakob Jung",
    "dc:creator": "Dr. Jakob Jung",
    "guid": "https://www.zdnet.de/?p=88399420",
    "isoDate": "2022-02-17T10:12:28.000Z",
    "link": "https://www.zdnet.de/88399420/aws-erweitert-cloud-infrastruktur-in-deutschland/?utm_source=rss&utm_medium=rss&utm_campaign=rss",
    "pubDate": "Thu, 17 Feb 2022 10:12:28 +0000",
    "title": "AWS erweitert Cloud-Infrastruktur in Deutschland",
  },
  Object {
    "categories": Array [
      "Politik",
      "Regulierung",
      "DDoS-Angriffe",
      "Hacker",
    ],
    "comments": "https://www.zdnet.de/88399402/ukraine-ddos-attacken-gegen-verteidigungsministerium-und-staatsbanken/#respond",
    "content": "Sie führen zu mehrstündigen Störungen. Bürgern des Landes stehen Geldautomaten und Bankdienstleistungen nur eingeschränkt zur Verfügung.",
    "contentSnippet": "Sie führen zu mehrstündigen Störungen. Bürgern des Landes stehen Geldautomaten und Bankdienstleistungen nur eingeschränkt zur Verfügung.",
    "creator": "Stefan Beiersmann",
    "dc:creator": "Stefan Beiersmann",
    "guid": "https://www.zdnet.de/?p=88399402",
    "isoDate": "2022-02-16T16:30:42.000Z",
    "link": "https://www.zdnet.de/88399402/ukraine-ddos-attacken-gegen-verteidigungsministerium-und-staatsbanken/?utm_source=rss&utm_medium=rss&utm_campaign=rss",
    "pubDate": "Wed, 16 Feb 2022 16:30:42 +0000",
    "title": "Ukraine: DDoS-Attacken gegen Verteidigungsministerium und Staatsbanken",
  },
  Object {
    "categories": Array [
      "Cloud",
      "Cloud-Management",
      "Cloud-Computing",
      "Kubernetes",
      "Sicherheit",
    ],
    "comments": "https://www.zdnet.de/88399400/google-erhoeht-praemien-fuer-sicherheitsluecken-in-linux-und-kubernetes/#respond",
    "content": "Das Programm ist ausgerichtet auf Google Cloud. Die maximale Belohnung steigt von 50.337 auf 91.337 Dollar. Außerdem verlängert Google das Programm bis Ende 2022.",
    "contentSnippet": "Das Programm ist ausgerichtet auf Google Cloud. Die maximale Belohnung steigt von 50.337 auf 91.337 Dollar. Außerdem verlängert Google das Programm bis Ende 2022.",
    "creator": "Stefan Beiersmann",
    "dc:creator": "Stefan Beiersmann",
    "guid": "https://www.zdnet.de/?p=88399400",
    "isoDate": "2022-02-16T15:45:25.000Z",
    "link": "https://www.zdnet.de/88399400/google-erhoeht-praemien-fuer-sicherheitsluecken-in-linux-und-kubernetes/?utm_source=rss&utm_medium=rss&utm_campaign=rss",
    "pubDate": "Wed, 16 Feb 2022 15:45:25 +0000",
    "title": "Google erhöht Prämien für Sicherheitslücken in Linux und Kubernetes",
  },
  Object {
    "categories": Array [
      "Workspace",
      "Gamer",
      "Stromverbrauch",
    ],
    "comments": "https://www.zdnet.de/88399395/interessanter-einblick-so-viel-strom-verbraucht-ein-gamer-pro-tag/#respond",
    "content": "Tatsächlich gilt der PC als das Haushaltsgerät, das mit am meisten Strom verbraucht. Bei 4 Stunden Gaming am Tag und einem Strompreis von 30 Cent/kWh fallen jährlich 511 kWh an, was wiederum etwa 153 Euro pro Jahr kosten würde. Ein zusätzlicher Kostenfaktor entsteht hier durch den Standby-Modus, für den nochmal 15 Watt benötigt werden, abhängig davon, wie viele Stunden täglich sich der PC in diesem Modus befindet.",
    "contentSnippet": "Tatsächlich gilt der PC als das Haushaltsgerät, das mit am meisten Strom verbraucht. Bei 4 Stunden Gaming am Tag und einem Strompreis von 30 Cent/kWh fallen jährlich 511 kWh an, was wiederum etwa 153 Euro pro Jahr kosten würde. Ein zusätzlicher Kostenfaktor entsteht hier durch den Standby-Modus, für den nochmal 15 Watt benötigt werden, abhängig davon, wie viele Stunden täglich sich der PC in diesem Modus befindet.",
    "creator": "Thomas Wingenfeld",
    "dc:creator": "Thomas Wingenfeld",
    "guid": "https://www.zdnet.de/?p=88399395",
    "isoDate": "2022-02-16T15:45:17.000Z",
    "link": "https://www.zdnet.de/88399395/interessanter-einblick-so-viel-strom-verbraucht-ein-gamer-pro-tag/?utm_source=rss&utm_medium=rss&utm_campaign=rss",
    "pubDate": "Wed, 16 Feb 2022 15:45:17 +0000",
    "title": "Interessanter Einblick: So viel Strom verbraucht ein Gamer pro Tag!",
  },
  Object {
    "categories": Array [
      "Data & Storage",
      "Storage",
      "Backup",
    ],
    "comments": "https://www.zdnet.de/88399391/betriebsunterbrechungen-vermeiden/#comments",
    "content": "Die Angst vor Betriebsunterbrechungen ist eine der größten Sorgen für Unternehmen. Ein 5-Punkte-Plan für Business Continuity kann Abhilfe schaffen, erläutert Wolfgang Huber, Regional Director DACH beim Datenmanagement-Anbieter Cohesity, in einem Gastbeitrag.",
    "contentSnippet": "Die Angst vor Betriebsunterbrechungen ist eine der größten Sorgen für Unternehmen. Ein 5-Punkte-Plan für Business Continuity kann Abhilfe schaffen, erläutert Wolfgang Huber, Regional Director DACH beim Datenmanagement-Anbieter Cohesity, in einem Gastbeitrag.",
    "creator": "Dr. Jakob Jung",
    "dc:creator": "Dr. Jakob Jung",
    "guid": "https://www.zdnet.de/?p=88399391",
    "isoDate": "2022-02-16T12:03:00.000Z",
    "link": "https://www.zdnet.de/88399391/betriebsunterbrechungen-vermeiden/?utm_source=rss&utm_medium=rss&utm_campaign=rss",
    "pubDate": "Wed, 16 Feb 2022 12:03:00 +0000",
    "title": "Betriebsunterbrechungen vermeiden",
  },
  Object {
    "categories": Array [
      "Cloud",
      "Digital Transformation",
    ],
    "comments": "https://www.zdnet.de/88399388/die-technischen-schulden-steigen-und-das-ist-auch-gut-so/#respond",
    "content": "Die Pandemie hat die digitale Transformation in vielen Unternehmen vorangetrieben; nun gilt es, aus Ad-hoc-Lösungen nachhaltige Strategien zu entwickeln, erklärt Dr. Stefan Sigg, CPO bei der Software AG, in einem Gastbeitrag.",
    "contentSnippet": "Die Pandemie hat die digitale Transformation in vielen Unternehmen vorangetrieben; nun gilt es, aus Ad-hoc-Lösungen nachhaltige Strategien zu entwickeln, erklärt Dr. Stefan Sigg, CPO bei der Software AG, in einem Gastbeitrag.",
    "creator": "Dr. Jakob Jung",
    "dc:creator": "Dr. Jakob Jung",
    "guid": "https://www.zdnet.de/?p=88399388",
    "isoDate": "2022-02-16T11:42:10.000Z",
    "link": "https://www.zdnet.de/88399388/die-technischen-schulden-steigen-und-das-ist-auch-gut-so/?utm_source=rss&utm_medium=rss&utm_campaign=rss",
    "pubDate": "Wed, 16 Feb 2022 11:42:10 +0000",
    "title": "Die technischen Schulden steigen – und das ist auch gut so",
  },
  Object {
    "categories": Array [
      "Authentifizierung",
      "Sicherheit",
      "Hacker",
    ],
    "comments": "https://www.zdnet.de/88399384/verteidigung-in-der-tiefe-gefragt/#respond",
    "content": "Weil Cyberangriffe immer ausgefeilter werden, reichen klassische Sicherheitsmaßnahmen wie Multi-Faktor-Authentifizierung oder Antivirenprogramme alleine nicht mehr aus. Unternehmen sollten eine gestaffelte Verteidigung implementieren und dabei vor allem auf die Sicherung von Identitäten und von privilegierten Zugriffen achten.",
    "contentSnippet": "Weil Cyberangriffe immer ausgefeilter werden, reichen klassische Sicherheitsmaßnahmen wie Multi-Faktor-Authentifizierung oder Antivirenprogramme alleine nicht mehr aus. Unternehmen sollten eine gestaffelte Verteidigung implementieren und dabei vor allem auf die Sicherung von Identitäten und von privilegierten Zugriffen achten.",
    "creator": "Dr. Jakob Jung",
    "dc:creator": "Dr. Jakob Jung",
    "guid": "https://www.zdnet.de/?p=88399384",
    "isoDate": "2022-02-16T10:57:33.000Z",
    "link": "https://www.zdnet.de/88399384/verteidigung-in-der-tiefe-gefragt/?utm_source=rss&utm_medium=rss&utm_campaign=rss",
    "pubDate": "Wed, 16 Feb 2022 10:57:33 +0000",
    "title": "Verteidigung in der Tiefe gefragt",
  },
  Object {
    "categories": Array [
      "Übernahme",
      "Unternehmen",
      "Halbleiter",
      "Übernahmen",
    ],
    "comments": "https://www.zdnet.de/88399373/intel-kauft-tower-semiconductor-fuer-54-milliarden-dollar/#respond",
    "content": "Das in Israel ansässige Unternehmen produziert Chips als Auftragsfertiger. Sein Spezialgebiet sind Chips, die auf älteren Prozesstechnologien bis hinunter zu 45 Nanometern basieren.",
    "contentSnippet": "Das in Israel ansässige Unternehmen produziert Chips als Auftragsfertiger. Sein Spezialgebiet sind Chips, die auf älteren Prozesstechnologien bis hinunter zu 45 Nanometern basieren.",
    "creator": "Stefan Beiersmann",
    "dc:creator": "Stefan Beiersmann",
    "guid": "https://www.zdnet.de/?p=88399373",
    "isoDate": "2022-02-15T16:05:45.000Z",
    "link": "https://www.zdnet.de/88399373/intel-kauft-tower-semiconductor-fuer-54-milliarden-dollar/?utm_source=rss&utm_medium=rss&utm_campaign=rss",
    "pubDate": "Tue, 15 Feb 2022 16:05:45 +0000",
    "title": "Intel kauft Tower Semiconductor für 5,4 Milliarden Dollar",
  },
  Object {
    "categories": Array [
      "Cloud",
      "Cloud-Management",
      "Epyc",
      "Machine Learning",
      "Prozessoren",
    ],
    "comments": "https://www.zdnet.de/88399371/aws-fuehrt-amd-basierte-ec2-instanzen-fuer-rechenintensive-arbeitslasten-ein/#respond",
    "content": "Anwendungsbeispiele sind Machine Learning und Multiplayer-Gaming. AWS verspricht ein um bis zu 15 Prozent besseres Preis-Leistungs-Verhältnis im Vergleich zu C5a-Instanzen.",
    "contentSnippet": "Anwendungsbeispiele sind Machine Learning und Multiplayer-Gaming. AWS verspricht ein um bis zu 15 Prozent besseres Preis-Leistungs-Verhältnis im Vergleich zu C5a-Instanzen.",
    "creator": "Stefan Beiersmann",
    "dc:creator": "Stefan Beiersmann",
    "guid": "https://www.zdnet.de/?p=88399371",
    "isoDate": "2022-02-15T15:31:24.000Z",
    "link": "https://www.zdnet.de/88399371/aws-fuehrt-amd-basierte-ec2-instanzen-fuer-rechenintensive-arbeitslasten-ein/?utm_source=rss&utm_medium=rss&utm_campaign=rss",
    "pubDate": "Tue, 15 Feb 2022 15:31:24 +0000",
    "title": "AWS führt AMD-basierte EC2-Instanzen für rechenintensive Arbeitslasten ein",
  },
]
`;
