// Jest Snapshot v1, https://goo.gl/fbAQLP

exports[`generate file name 1`] = `
Array [
  "ajn.rand.romanticheski.manifest",
  "aleksandyr.girginov.smjah.i.mydrost.prez.vekovete",
  "anton.pavlovich.chehov.damata.s.kuchentseto",
  "bob.fenstyr.bezkrajnostta.na.choveshkata.prostotija",
  "bob.fenstyr.oshte.prostotii",
  "bogomil.gerasimov.ot.abyrdijn.s.usmivka.shotlandski.humor",
  "fridrih.nitsshe.ecce.homo.kak.se.stava.takyv.kakyvto.si",
  "fxodor.dostoevski.beli.noshti.santimentalen.roman",
  "henri.milyr.nexus",
  "lao.dzy.dao.dy.dzin",
  "lao.dzy.pytjat",
  "lev.tolstoj.otets.sergij",
  "lev.tolstoj.vojna.i.mir.treti.i.chetvyrti.tom",
  "lev.tolstoj.vyzkresenie",
  "nikolaj.gogol.peterburgski.povesti",
  "nikolaj.gogol.povesti",
  "nikolaj.gogol.vecheri.v.seltseto.kraj.dikanka",
  "p.g.udhaus.bankeri.po.nevolja",
  "p.g.udhaus.bil.zavoevatelja",
  "p.g.udhaus.chicho.fred.prez.proletta",
  "p.g.udhaus.dzhijvs.zapretva.rykavi",
  "p.g.udhaus.dzhim.tajfuna",
  "p.g.udhaus.gafovete.na.archi",
  "p.g.udhaus.galahad.v.blandings",
  "p.g.udhaus.goljamoto.nakisvane",
  "p.g.udhaus.ikonom.za.edin.den",
  "p.g.udhaus.klub.anonimni.ergeni",
  "p.g.udhaus.kukovo.ljato.v.blandings",
  "p.g.udhaus.pelikan.v.blandings",
  "p.g.udhaus.skrito.pokrito",
  "p.g.udhaus.zakonyt.na.ustyr",
  "temida.se.sheguva.anekdoti.i.neverojatni.istorii.ot.praktikata.na.juristite",
  "volter.filosofski.noveli",
]
`;
